../Core/Src/LAB2.c:24:6:display7SEG	16	static
../Core/Src/LAB2.c:129:6:update7SEG	16	static
../Core/Src/LAB2.c:171:6:updateClockBuffer	4	static
../Core/Src/LAB2.c:178:6:displayROWLEDMatrix	16	static
../Core/Src/LAB2.c:189:6:updateLEDMatrix	16	static
../Core/Src/LAB2.c:297:6:shift_right_around	4	static
../Core/Src/LAB2.c:311:6:INIT_LAB2_EX0	32	static
../Core/Src/LAB2.c:324:6:INIT_LAB2_EX1	32	static
../Core/Src/LAB2.c:346:6:INIT_LAB2_EX2	32	static
../Core/Src/LAB2.c:371:6:INIT_LAB2_EX4	8	static
../Core/Src/LAB2.c:375:6:INIT_LAB2_EX5	8	static
../Core/Src/LAB2.c:379:6:INIT_LAB2_EX6	8	static
../Core/Src/LAB2.c:383:6:INIT_LAB2_EX7	8	static
../Core/Src/LAB2.c:386:6:INIT_LAB2_EX8	8	static
../Core/Src/LAB2.c:389:6:INIT_LAB2_EX9	32	static
../Core/Src/LAB2.c:406:6:INIT_LAB2_EX10	24	static
../Core/Src/LAB2.c:416:6:EXECUTE_LAB2_EX0	8	static
../Core/Src/LAB2.c:426:6:EXECUTE_LAB2_EX1	8	static
../Core/Src/LAB2.c:449:6:EXECUTE_LAB2_EX2	8	static
../Core/Src/LAB2.c:502:6:EXECUTE_LAB2_EX4	8	static
../Core/Src/LAB2.c:520:6:EXECUTE_LAB2_EX5	8	static
../Core/Src/LAB2.c:537:6:EXECUTE_LAB2_EX6	8	static
../Core/Src/LAB2.c:540:6:EXECUTE_LAB2_EX7	8	static
../Core/Src/LAB2.c:556:6:EXECUTE_LAB2_EX8	8	static
../Core/Src/LAB2.c:561:6:EXECUTE_LAB2_EX9	8	static
../Core/Src/LAB2.c:566:6:EXECUTE_LAB2_EX10	8	static
